// Jest Snapshot v1, https://goo.gl/fbAQLP

exports[`should render Quotes component 1`] = `
<div>
  <h1
    className="main-heading"
  >
    Math Magicians
  </h1>
  <h2
    className="quote-text"
  >
    Mathematics is not about numbers, equation, computations
    <br />
    or algorithms. It is about understandin. - William paul Thurston
  </h2>
</div>
`;
